GENOME NON_GENOME PIN 32: GENOME NON_GENOME PIN 110
GENOME NON_GENOME PIN 110: GENOME NON_GENOME PIN 32
GENOME NON_GENOME PIN 156: GENOME NON_GENOME PIN 117
GENOME NON_GENOME PIN 117: GENOME NON_GENOME PIN 156 GENOME NON_GENOME PIN 113
GENOME NON_GENOME PIN 223: GENOME NON_GENOME PIN 224 GENOME NON_GENOME PIN 225 GENOME NON_GENOME PIN 226 GENOME NON_GENOME PIN 227 GENOME NON_GENOME PIN 228 GENOME NON_GENOME PIN 229
GENOME NON_GENOME PIN 224: GENOME NON_GENOME PIN 223
GENOME NON_GENOME PIN 225: GENOME NON_GENOME PIN 223
GENOME NON_GENOME PIN 226: GENOME NON_GENOME PIN 223
GENOME NON_GENOME PIN 227: GENOME NON_GENOME PIN 223
GENOME NON_GENOME PIN 228: GENOME NON_GENOME PIN 223 GENOME NON_GENOME PIN 234
GENOME NON_GENOME PIN 229: GENOME NON_GENOME PIN 223 GENOME NON_GENOME PIN 234
GENOME NON_GENOME PIN 281: GENOME NON_GENOME PIN 282 GENOME NON_GENOME PIN 283 GENOME NON_GENOME PIN 284 GENOME NON_GENOME PIN 285 GENOME NON_GENOME PIN 286 GENOME NON_GENOME PIN 287 GENOME NON_GENOME PIN 288 GENOME NON_GENOME PIN 289 GENOME NON_GENOME PIN 290 GENOME NON_GENOME PIN 291 GENOME NON_GENOME PIN 292 GENOME NON_GENOME PIN 293 GENOME NON_GENOME PIN 294
GENOME NON_GENOME PIN 282: GENOME NON_GENOME PIN 281
GENOME NON_GENOME PIN 283: GENOME NON_GENOME PIN 281
GENOME NON_GENOME PIN 284: GENOME NON_GENOME PIN 281
GENOME NON_GENOME PIN 285: GENOME NON_GENOME PIN 281
GENOME NON_GENOME PIN 286: GENOME NON_GENOME PIN 281
GENOME NON_GENOME PIN 287: GENOME NON_GENOME PIN 281
GENOME NON_GENOME PIN 288: GENOME NON_GENOME PIN 281
GENOME NON_GENOME PIN 289: GENOME NON_GENOME PIN 281
GENOME NON_GENOME PIN 290: GENOME NON_GENOME PIN 281 GENOME NON_GENOME PIN 73
GENOME NON_GENOME PIN 291: GENOME NON_GENOME PIN 281 GENOME NON_GENOME PIN 74
GENOME NON_GENOME PIN 292: GENOME NON_GENOME PIN 281 GENOME NON_GENOME PIN 38
GENOME NON_GENOME PIN 293: GENOME NON_GENOME PIN 281
GENOME NON_GENOME PIN 294: GENOME NON_GENOME PIN 281
INST topModule__GC0 PIN 223: INST topModule__GC0 PIN 224 TYPE 2 INST execute__GB0 PIN 229 TYPE 4 INST topModule__GC0 PIN 225 TYPE 2 INST execute__GB0 PIN 230 TYPE 4 INST execute__GB1 PIN 251 TYPE 4 INST topModule__GC0 PIN 226 TYPE 2 INST execute__GB0 PIN 231 TYPE 4 INST execute__GB1 PIN 252 TYPE 4 INST topModule__GC0 PIN 227 TYPE 2 INST execute__GB0 PIN 232 TYPE 4 INST execute__GB1 PIN 253 TYPE 4 INST topModule__GC0 PIN 228 TYPE 2 INST execute__GB0 PIN 233 TYPE 4 INST execute__GB1 PIN 254 TYPE 4 INST topModule__GC0 PIN 229 TYPE 2 INST execute__GB0 PIN 234 TYPE 4 INST execute__GB1 PIN 255 TYPE 4
INST topModule__GC0 PIN 101: INST execute__GB1 PIN 117 TYPE 3 INST execute__GB0 PIN 369 TYPE 4
INST execute__GB1 PIN 32: INST execute__GB1 PIN 110 TYPE 2 INST execute__GB0 PIN 373 TYPE 4
INST topModule__GC0 PIN 281: INST topModule__GC0 PIN 282 TYPE 2 INST execute__GB0 PIN 376 TYPE 4 INST topModule__GC0 PIN 283 TYPE 2 INST execute__GB0 PIN 377 TYPE 4 INST topModule__GC0 PIN 284 TYPE 2 INST execute__GB0 PIN 378 TYPE 4 INST topModule__GC0 PIN 285 TYPE 2 INST execute__GB0 PIN 379 TYPE 4 INST topModule__GC0 PIN 286 TYPE 2 INST execute__GB0 PIN 380 TYPE 4 INST topModule__GC0 PIN 287 TYPE 2 INST execute__GB0 PIN 381 TYPE 4 INST topModule__GC0 PIN 288 TYPE 2 INST execute__GB0 PIN 382 TYPE 4 INST topModule__GC0 PIN 289 TYPE 2 INST execute__GB0 PIN 383 TYPE 4 INST topModule__GC0 PIN 290 TYPE 2 INST execute__GB0 PIN 384 TYPE 4 INST topModule__GC0 PIN 291 TYPE 2 INST execute__GB0 PIN 385 TYPE 4 INST topModule__GC0 PIN 292 TYPE 2 INST execute__GB0 PIN 386 TYPE 4 INST topModule__GC0 PIN 293 TYPE 2 INST execute__GB0 PIN 387 TYPE 4 INST topModule__GC0 PIN 294 TYPE 2 INST execute__GB0 PIN 388 TYPE 4
INST topModule__GC0 PIN 134: GENOME topModule__GC0 PIN 134
INST topModule__GC0 PIN 135: GENOME topModule__GC0 PIN 135
INST topModule__GC0 PIN 136: GENOME topModule__GC0 PIN 136
INST topModule__GC0 PIN 137: GENOME topModule__GC0 PIN 137
INST topModule__GC0 PIN 138: GENOME topModule__GC0 PIN 138
INST topModule__GC0 PIN 139: GENOME topModule__GC0 PIN 139
INST topModule__GC0 PIN 140: GENOME topModule__GC0 PIN 140
INST topModule__GC0 PIN 141: GENOME topModule__GC0 PIN 141
INST topModule__GC0 PIN 142: GENOME topModule__GC0 PIN 142
INST topModule__GC0 PIN 143: GENOME topModule__GC0 PIN 143
INST topModule__GC0 PIN 144: GENOME topModule__GC0 PIN 144
INST topModule__GC0 PIN 145: GENOME topModule__GC0 PIN 145
INST topModule__GC0 PIN 146: GENOME topModule__GC0 PIN 146
INST topModule__GC0 PIN 147: GENOME topModule__GC0 PIN 147
INST topModule__GC0 PIN 148: GENOME topModule__GC0 PIN 148
INST topModule__GC0 PIN 149: GENOME topModule__GC0 PIN 149
INST topModule__GC0 PIN 150: GENOME topModule__GC0 PIN 150
INST topModule__GC0 PIN 151: GENOME topModule__GC0 PIN 151
INST topModule__GC0 PIN 152: GENOME topModule__GC0 PIN 152
INST topModule__GC0 PIN 153: GENOME topModule__GC0 PIN 153
INST topModule__GC0 PIN 154: GENOME topModule__GC0 PIN 154
INST topModule__GC0 PIN 155: GENOME topModule__GC0 PIN 155
INST topModule__GC0 PIN 156: GENOME topModule__GC0 PIN 156
INST topModule__GC0 PIN 157: GENOME topModule__GC0 PIN 157
INST topModule__GC0 PIN 158: GENOME topModule__GC0 PIN 158
INST topModule__GC0 PIN 159: GENOME topModule__GC0 PIN 159
INST topModule__GC0 PIN 160: GENOME topModule__GC0 PIN 160
INST topModule__GC0 PIN 161: GENOME topModule__GC0 PIN 161
INST topModule__GC0 PIN 162: GENOME topModule__GC0 PIN 162
INST topModule__GC0 PIN 163: GENOME topModule__GC0 PIN 163
INST topModule__GC0 PIN 164: GENOME topModule__GC0 PIN 164
INST topModule__GC0 PIN 165: GENOME topModule__GC0 PIN 165
INST topModule__GC0 PIN 171: GENOME topModule__GC0 PIN 171
INST topModule__GC0 PIN 172: GENOME topModule__GC0 PIN 172
INST topModule__GC0 PIN 173: GENOME topModule__GC0 PIN 173
INST topModule__GC0 PIN 174: GENOME topModule__GC0 PIN 174
INST topModule__GC0 PIN 175: GENOME topModule__GC0 PIN 175
INST topModule__GC0 PIN 176: GENOME topModule__GC0 PIN 176
INST topModule__GC0 PIN 177: GENOME topModule__GC0 PIN 177
INST topModule__GC0 PIN 178: GENOME topModule__GC0 PIN 178
INST topModule__GC0 PIN 179: GENOME topModule__GC0 PIN 179
INST topModule__GC0 PIN 180: GENOME topModule__GC0 PIN 180
INST topModule__GC0 PIN 181: GENOME topModule__GC0 PIN 181
INST topModule__GC0 PIN 182: GENOME topModule__GC0 PIN 182
INST topModule__GC0 PIN 183: GENOME topModule__GC0 PIN 183
INST topModule__GC0 PIN 184: GENOME topModule__GC0 PIN 184
INST topModule__GC0 PIN 185: GENOME topModule__GC0 PIN 185
INST topModule__GC0 PIN 186: GENOME topModule__GC0 PIN 186
INST topModule__GC0 PIN 187: GENOME topModule__GC0 PIN 187
INST topModule__GC0 PIN 188: GENOME topModule__GC0 PIN 188
INST topModule__GC0 PIN 189: GENOME topModule__GC0 PIN 189
INST topModule__GC0 PIN 190: GENOME topModule__GC0 PIN 190
INST topModule__GC0 PIN 224: GENOME topModule__GC0 PIN 224
INST topModule__GC0 PIN 225: GENOME topModule__GC0 PIN 225
INST topModule__GC0 PIN 226: GENOME topModule__GC0 PIN 226
INST topModule__GC0 PIN 227: GENOME topModule__GC0 PIN 227
INST topModule__GC0 PIN 228: GENOME topModule__GC0 PIN 228
INST topModule__GC0 PIN 229: GENOME topModule__GC0 PIN 229
INST topModule__GC0 PIN 282: GENOME topModule__GC0 PIN 282
INST topModule__GC0 PIN 283: GENOME topModule__GC0 PIN 283
INST topModule__GC0 PIN 284: GENOME topModule__GC0 PIN 284
INST topModule__GC0 PIN 285: GENOME topModule__GC0 PIN 285
INST topModule__GC0 PIN 286: GENOME topModule__GC0 PIN 286
INST topModule__GC0 PIN 287: GENOME topModule__GC0 PIN 287
INST topModule__GC0 PIN 288: GENOME topModule__GC0 PIN 288
INST topModule__GC0 PIN 289: GENOME topModule__GC0 PIN 289
INST topModule__GC0 PIN 290: GENOME topModule__GC0 PIN 290
INST topModule__GC0 PIN 291: GENOME topModule__GC0 PIN 291
INST topModule__GC0 PIN 292: GENOME topModule__GC0 PIN 292
INST topModule__GC0 PIN 293: GENOME topModule__GC0 PIN 293
INST topModule__GC0 PIN 294: GENOME topModule__GC0 PIN 294
INST topModule__GC0 PIN 313: GENOME topModule__GC0 PIN 313
INST topModule__GC0 PIN 314: GENOME topModule__GC0 PIN 314
INST topModule__GC0 PIN 315: GENOME topModule__GC0 PIN 315
INST topModule__GC0 PIN 318: GENOME topModule__GC0 PIN 318
INST topModule__GC0 PIN 319: GENOME topModule__GC0 PIN 319
INST topModule__GC0 PIN 320: GENOME topModule__GC0 PIN 320
INST topModule__GC0 PIN 321: GENOME topModule__GC0 PIN 321
INST topModule__GC0 PIN 322: GENOME topModule__GC0 PIN 322
INST topModule__GC0 PIN 323: GENOME topModule__GC0 PIN 323
INST topModule__GC0 PIN 324: GENOME topModule__GC0 PIN 324
INST topModule__GC0 PIN 325: GENOME topModule__GC0 PIN 325
INST topModule__GC0 PIN 326: GENOME topModule__GC0 PIN 326
INST topModule__GC0 PIN 327: GENOME topModule__GC0 PIN 327
INST topModule__GC0 PIN 328: GENOME topModule__GC0 PIN 328
INST topModule__GC0 PIN 329: GENOME topModule__GC0 PIN 329
INST topModule__GC0 PIN 362: GENOME topModule__GC0 PIN 362
INST topModule__GC0 PIN 363: GENOME topModule__GC0 PIN 363
INST topModule__GC0 PIN 364: GENOME topModule__GC0 PIN 364
INST topModule__GC0 PIN 365: GENOME topModule__GC0 PIN 365
INST topModule__GC0 PIN 366: GENOME topModule__GC0 PIN 366
INST topModule__GC0 PIN 367: GENOME topModule__GC0 PIN 367
INST topModule__GC0 PIN 368: GENOME topModule__GC0 PIN 368
INST topModule__GC0 PIN 369: GENOME topModule__GC0 PIN 369
INST topModule__GC0 PIN 370: GENOME topModule__GC0 PIN 370
INST topModule__GC0 PIN 371: GENOME topModule__GC0 PIN 371
INST topModule__GC0 PIN 372: GENOME topModule__GC0 PIN 372
INST topModule__GC0 PIN 373: GENOME topModule__GC0 PIN 373
INST topModule__GC0 PIN 374: GENOME topModule__GC0 PIN 374
INST topModule__GC0 PIN 375: GENOME topModule__GC0 PIN 375
INST topModule__GC0 PIN 376: GENOME topModule__GC0 PIN 376
INST topModule__GC0 PIN 377: GENOME topModule__GC0 PIN 377
INST topModule__GC0 PIN 378: GENOME topModule__GC0 PIN 378
INST topModule__GC0 PIN 379: GENOME topModule__GC0 PIN 379
INST topModule__GC0 PIN 380: GENOME topModule__GC0 PIN 380
INST topModule__GC0 PIN 381: GENOME topModule__GC0 PIN 381
INST topModule__GC0 PIN 382: GENOME topModule__GC0 PIN 382
INST topModule__GC0 PIN 383: GENOME topModule__GC0 PIN 383
INST topModule__GC0 PIN 503: INST execute__GB0 PIN 0 TYPE 5
INST topModule__GC0 PIN 504: INST execute__GB0 PIN 1 TYPE 5
INST topModule__GC0 PIN 505: INST execute__GB0 PIN 2 TYPE 5
INST topModule__GC0 PIN 506: INST execute__GB0 PIN 3 TYPE 5
INST topModule__GC0 PIN 507: INST execute__GB0 PIN 4 TYPE 5
INST topModule__GC0 PIN 508: INST execute__GB0 PIN 5 TYPE 5
INST topModule__GC0 PIN 509: INST execute__GB0 PIN 6 TYPE 5
INST topModule__GC0 PIN 510: INST execute__GB0 PIN 7 TYPE 5
INST topModule__GC0 PIN 511: INST execute__GB0 PIN 8 TYPE 5
INST topModule__GC0 PIN 512: INST execute__GB0 PIN 9 TYPE 5
INST topModule__GC0 PIN 513: INST execute__GB0 PIN 10 TYPE 5
INST topModule__GC0 PIN 514: INST execute__GB0 PIN 11 TYPE 5
INST topModule__GC0 PIN 515: INST execute__GB0 PIN 12 TYPE 5
INST topModule__GC0 PIN 516: INST execute__GB0 PIN 13 TYPE 5
INST topModule__GC0 PIN 517: INST execute__GB0 PIN 14 TYPE 5
INST topModule__GC0 PIN 518: INST execute__GB0 PIN 15 TYPE 5
INST topModule__GC0 PIN 519: INST execute__GB0 PIN 16 TYPE 5
INST topModule__GC0 PIN 520: INST execute__GB0 PIN 17 TYPE 5
INST topModule__GC0 PIN 521: INST execute__GB0 PIN 18 TYPE 5
INST topModule__GC0 PIN 522: INST execute__GB0 PIN 19 TYPE 5
INST topModule__GC0 PIN 523: INST execute__GB0 PIN 20 TYPE 5
INST topModule__GC0 PIN 524: INST execute__GB0 PIN 21 TYPE 5
INST execute__GB1 PIN 110: GENOME execute__GB1 PIN 110
INST execute__GB1 PIN 117: GENOME execute__GB1 PIN 117
INST execute__GB1 PIN 252: GENOME execute__GB1 PIN 252 INST topModule__GC0 PIN 223 TYPE 5
INST execute__GB1 PIN 251: GENOME execute__GB1 PIN 251
INST execute__GB1 PIN 253: GENOME execute__GB1 PIN 253 INST topModule__GC0 PIN 223 TYPE 5
INST execute__GB1 PIN 254: GENOME execute__GB1 PIN 254 INST topModule__GC0 PIN 223 TYPE 5
INST execute__GB1 PIN 255: GENOME execute__GB1 PIN 255 INST topModule__GC0 PIN 223 TYPE 5
GENOME NON_GENOME PIN 251: GENOME NON_GENOME PIN 252 GENOME NON_GENOME PIN 253 GENOME NON_GENOME PIN 254 GENOME NON_GENOME PIN 255
GENOME NON_GENOME PIN 252: GENOME NON_GENOME PIN 251
GENOME NON_GENOME PIN 253: GENOME NON_GENOME PIN 251
GENOME NON_GENOME PIN 254: GENOME NON_GENOME PIN 251
GENOME NON_GENOME PIN 255: GENOME NON_GENOME PIN 251
INST execute__GB0 PIN 33: INST execute__GB1 PIN 228 TYPE 0 GENOME execute__GB0 PIN 33
INST execute__GB0 PIN 42: INST execute__GB1 PIN 234 TYPE 0 GENOME execute__GB0 PIN 42
INST topModule__GC0 PIN 361: INST execute__GB0 PIN 74 TYPE 3 INST execute__GB1 PIN 312 TYPE 4
INST execute__GB0 PIN 113: INST execute__GB0 PIN 117 TYPE 2 INST execute__GB1 PIN 318 TYPE 4 INST execute__GB0 PIN 116 TYPE 2 INST execute__GB1 PIN 320 TYPE 4 INST execute__GB0 PIN 114 TYPE 2 INST execute__GB1 PIN 323 TYPE 4
INST execute__GB0 PIN 112: INST execute__GB0 PIN 115 TYPE 2 INST execute__GB1 PIN 321 TYPE 4
INST execute__GB0 PIN 76: INST execute__GB1 PIN 326 TYPE 1 GENOME execute__GB0 PIN 76
INST execute__GB0 PIN 0: GENOME execute__GB0 PIN 0
INST execute__GB0 PIN 1: GENOME execute__GB0 PIN 1
INST execute__GB0 PIN 2: GENOME execute__GB0 PIN 2
INST execute__GB0 PIN 3: GENOME execute__GB0 PIN 3
INST execute__GB0 PIN 4: GENOME execute__GB0 PIN 4
INST execute__GB0 PIN 5: GENOME execute__GB0 PIN 5
INST execute__GB0 PIN 6: GENOME execute__GB0 PIN 6
INST execute__GB0 PIN 7: GENOME execute__GB0 PIN 7
INST execute__GB0 PIN 8: GENOME execute__GB0 PIN 8
INST execute__GB0 PIN 9: GENOME execute__GB0 PIN 9
INST execute__GB0 PIN 10: GENOME execute__GB0 PIN 10
INST execute__GB0 PIN 11: GENOME execute__GB0 PIN 11
INST execute__GB0 PIN 12: GENOME execute__GB0 PIN 12
INST execute__GB0 PIN 13: GENOME execute__GB0 PIN 13
INST execute__GB0 PIN 14: GENOME execute__GB0 PIN 14
INST execute__GB0 PIN 15: GENOME execute__GB0 PIN 15
INST execute__GB0 PIN 16: GENOME execute__GB0 PIN 16
INST execute__GB0 PIN 17: GENOME execute__GB0 PIN 17
INST execute__GB0 PIN 18: GENOME execute__GB0 PIN 18
INST execute__GB0 PIN 19: GENOME execute__GB0 PIN 19
INST execute__GB0 PIN 20: GENOME execute__GB0 PIN 20
INST execute__GB0 PIN 21: GENOME execute__GB0 PIN 21
INST execute__GB0 PIN 74: GENOME execute__GB0 PIN 74
INST execute__GB0 PIN 114: GENOME execute__GB0 PIN 114
INST execute__GB0 PIN 115: GENOME execute__GB0 PIN 115
INST execute__GB0 PIN 116: GENOME execute__GB0 PIN 116
INST execute__GB0 PIN 117: GENOME execute__GB0 PIN 117
INST execute__GB0 PIN 229: GENOME execute__GB0 PIN 229 INST topModule__GC0 PIN 223 TYPE 5
INST execute__GB0 PIN 228: GENOME execute__GB0 PIN 228 INST topModule__GC0 PIN 223 TYPE 5
INST execute__GB0 PIN 230: GENOME execute__GB0 PIN 230 INST topModule__GC0 PIN 223 TYPE 5
INST execute__GB0 PIN 231: GENOME execute__GB0 PIN 231 INST topModule__GC0 PIN 223 TYPE 5
INST execute__GB0 PIN 232: GENOME execute__GB0 PIN 232 INST topModule__GC0 PIN 223 TYPE 5
INST execute__GB0 PIN 233: GENOME execute__GB0 PIN 233 INST topModule__GC0 PIN 223 TYPE 5
INST execute__GB0 PIN 234: GENOME execute__GB0 PIN 234 INST topModule__GC0 PIN 223 TYPE 5
INST execute__GB0 PIN 369: GENOME execute__GB0 PIN 369 INST topModule__GC0 PIN 101 TYPE 5
INST execute__GB0 PIN 355: GENOME execute__GB0 PIN 355
INST execute__GB0 PIN 376: GENOME execute__GB0 PIN 376 INST topModule__GC0 PIN 281 TYPE 5
INST execute__GB0 PIN 375: GENOME execute__GB0 PIN 375
INST execute__GB0 PIN 377: GENOME execute__GB0 PIN 377 INST topModule__GC0 PIN 281 TYPE 5
INST execute__GB0 PIN 378: GENOME execute__GB0 PIN 378 INST topModule__GC0 PIN 281 TYPE 5
INST execute__GB0 PIN 379: GENOME execute__GB0 PIN 379 INST topModule__GC0 PIN 281 TYPE 5
INST execute__GB0 PIN 380: GENOME execute__GB0 PIN 380 INST topModule__GC0 PIN 281 TYPE 5
INST execute__GB0 PIN 381: GENOME execute__GB0 PIN 381 INST topModule__GC0 PIN 281 TYPE 5
INST execute__GB0 PIN 382: GENOME execute__GB0 PIN 382 INST topModule__GC0 PIN 281 TYPE 5
INST execute__GB0 PIN 383: GENOME execute__GB0 PIN 383 INST topModule__GC0 PIN 281 TYPE 5
INST execute__GB0 PIN 384: GENOME execute__GB0 PIN 384 INST topModule__GC0 PIN 281 TYPE 5
INST execute__GB0 PIN 385: GENOME execute__GB0 PIN 385 INST topModule__GC0 PIN 281 TYPE 5
INST execute__GB0 PIN 386: GENOME execute__GB0 PIN 386 INST topModule__GC0 PIN 281 TYPE 5
INST execute__GB0 PIN 387: GENOME execute__GB0 PIN 387 INST topModule__GC0 PIN 281 TYPE 5
INST execute__GB0 PIN 388: GENOME execute__GB0 PIN 388 INST topModule__GC0 PIN 281 TYPE 5
INST execute__GB0 PIN 474: GENOME execute__GB0 PIN 474 INST execute__GB1 PIN 32 TYPE 5
INST execute__GB0 PIN 373: GENOME execute__GB0 PIN 373
GENOME NON_GENOME PIN 79: GENOME NON_GENOME PIN 37
GENOME NON_GENOME PIN 37: GENOME NON_GENOME PIN 79
GENOME NON_GENOME PIN 38: GENOME NON_GENOME PIN 292
GENOME NON_GENOME PIN 370: GENOME NON_GENOME PIN 39
GENOME NON_GENOME PIN 39: GENOME NON_GENOME PIN 370
GENOME NON_GENOME PIN 357: GENOME NON_GENOME PIN 41
GENOME NON_GENOME PIN 41: GENOME NON_GENOME PIN 357
GENOME NON_GENOME PIN 73: GENOME NON_GENOME PIN 290
GENOME NON_GENOME PIN 74: GENOME NON_GENOME PIN 291
GENOME NON_GENOME PIN 324: GENOME NON_GENOME PIN 77 GENOME NON_GENOME PIN 318
GENOME NON_GENOME PIN 77: GENOME NON_GENOME PIN 324
GENOME NON_GENOME PIN 113: GENOME NON_GENOME PIN 114 GENOME NON_GENOME PIN 116 GENOME NON_GENOME PIN 117
GENOME NON_GENOME PIN 114: GENOME NON_GENOME PIN 113
GENOME NON_GENOME PIN 112: GENOME NON_GENOME PIN 115
GENOME NON_GENOME PIN 115: GENOME NON_GENOME PIN 112
GENOME NON_GENOME PIN 116: GENOME NON_GENOME PIN 113
GENOME NON_GENOME PIN 234: GENOME NON_GENOME PIN 228 GENOME NON_GENOME PIN 229 GENOME NON_GENOME PIN 230 GENOME NON_GENOME PIN 231 GENOME NON_GENOME PIN 232 GENOME NON_GENOME PIN 233
GENOME NON_GENOME PIN 230: GENOME NON_GENOME PIN 234
GENOME NON_GENOME PIN 231: GENOME NON_GENOME PIN 234
GENOME NON_GENOME PIN 232: GENOME NON_GENOME PIN 234
GENOME NON_GENOME PIN 233: GENOME NON_GENOME PIN 234
GENOME NON_GENOME PIN 355: GENOME NON_GENOME PIN 369
GENOME NON_GENOME PIN 369: GENOME NON_GENOME PIN 355
GENOME NON_GENOME PIN 375: GENOME NON_GENOME PIN 376 GENOME NON_GENOME PIN 377 GENOME NON_GENOME PIN 378 GENOME NON_GENOME PIN 379 GENOME NON_GENOME PIN 380 GENOME NON_GENOME PIN 381 GENOME NON_GENOME PIN 382 GENOME NON_GENOME PIN 383 GENOME NON_GENOME PIN 384 GENOME NON_GENOME PIN 385 GENOME NON_GENOME PIN 386 GENOME NON_GENOME PIN 387 GENOME NON_GENOME PIN 388
GENOME NON_GENOME PIN 376: GENOME NON_GENOME PIN 375
GENOME NON_GENOME PIN 377: GENOME NON_GENOME PIN 375
GENOME NON_GENOME PIN 378: GENOME NON_GENOME PIN 375
GENOME NON_GENOME PIN 379: GENOME NON_GENOME PIN 375
GENOME NON_GENOME PIN 380: GENOME NON_GENOME PIN 375
GENOME NON_GENOME PIN 381: GENOME NON_GENOME PIN 375
GENOME NON_GENOME PIN 382: GENOME NON_GENOME PIN 375
GENOME NON_GENOME PIN 383: GENOME NON_GENOME PIN 375
GENOME NON_GENOME PIN 384: GENOME NON_GENOME PIN 375
GENOME NON_GENOME PIN 385: GENOME NON_GENOME PIN 375
GENOME NON_GENOME PIN 386: GENOME NON_GENOME PIN 375
GENOME NON_GENOME PIN 387: GENOME NON_GENOME PIN 375
GENOME NON_GENOME PIN 388: GENOME NON_GENOME PIN 375
GENOME NON_GENOME PIN 373: GENOME NON_GENOME PIN 474
GENOME NON_GENOME PIN 474: GENOME NON_GENOME PIN 373
INST execute__GB0 PIN 196: INST topModule__GC0 PIN 191 TYPE 5
INST execute__GB0 PIN 197: INST topModule__GC0 PIN 192 TYPE 5
INST execute__GB0 PIN 198: INST topModule__GC0 PIN 193 TYPE 5
INST execute__GB0 PIN 199: INST topModule__GC0 PIN 194 TYPE 5
INST execute__GB0 PIN 200: INST topModule__GC0 PIN 195 TYPE 5
INST execute__GB0 PIN 201: INST topModule__GC0 PIN 196 TYPE 5
INST execute__GB0 PIN 202: INST topModule__GC0 PIN 197 TYPE 5
INST execute__GB0 PIN 203: INST topModule__GC0 PIN 198 TYPE 5
INST execute__GB0 PIN 204: INST topModule__GC0 PIN 199 TYPE 5
INST execute__GB0 PIN 205: INST topModule__GC0 PIN 200 TYPE 5
INST execute__GB0 PIN 206: INST topModule__GC0 PIN 201 TYPE 5
INST execute__GB0 PIN 207: INST topModule__GC0 PIN 202 TYPE 5
INST execute__GB0 PIN 208: INST topModule__GC0 PIN 203 TYPE 5
INST execute__GB0 PIN 209: INST topModule__GC0 PIN 204 TYPE 5
INST execute__GB0 PIN 210: INST topModule__GC0 PIN 205 TYPE 5
INST execute__GB0 PIN 211: INST topModule__GC0 PIN 206 TYPE 5
INST execute__GB0 PIN 212: INST topModule__GC0 PIN 207 TYPE 5
INST execute__GB0 PIN 213: INST topModule__GC0 PIN 208 TYPE 5
INST execute__GB0 PIN 214: INST topModule__GC0 PIN 209 TYPE 5
INST execute__GB0 PIN 215: INST topModule__GC0 PIN 210 TYPE 5
INST execute__GB0 PIN 235: INST topModule__GC0 PIN 230 TYPE 5
INST execute__GB0 PIN 236: INST topModule__GC0 PIN 231 TYPE 5
INST execute__GB0 PIN 237: INST topModule__GC0 PIN 232 TYPE 5
INST execute__GB0 PIN 238: INST topModule__GC0 PIN 233 TYPE 5
INST execute__GB0 PIN 239: INST topModule__GC0 PIN 234 TYPE 5
INST execute__GB0 PIN 240: INST topModule__GC0 PIN 235 TYPE 5
INST execute__GB0 PIN 241: INST topModule__GC0 PIN 236 TYPE 5
INST execute__GB0 PIN 242: INST topModule__GC0 PIN 237 TYPE 5
INST execute__GB0 PIN 243: INST topModule__GC0 PIN 238 TYPE 5
INST execute__GB0 PIN 244: INST topModule__GC0 PIN 239 TYPE 5
INST execute__GB0 PIN 245: INST topModule__GC0 PIN 240 TYPE 5
INST execute__GB0 PIN 246: INST topModule__GC0 PIN 241 TYPE 5
INST execute__GB0 PIN 247: INST topModule__GC0 PIN 242 TYPE 5
INST execute__GB1 PIN 228: GENOME execute__GB1 PIN 228
INST execute__GB1 PIN 234: GENOME execute__GB1 PIN 234
INST execute__GB1 PIN 320: GENOME execute__GB1 PIN 320 INST execute__GB0 PIN 113 TYPE 5
INST execute__GB1 PIN 318: GENOME execute__GB1 PIN 318
INST execute__GB1 PIN 323: GENOME execute__GB1 PIN 323 INST execute__GB0 PIN 113 TYPE 5
INST execute__GB1 PIN 324: GENOME execute__GB1 PIN 324 INST execute__GB0 PIN 113 TYPE 5
INST execute__GB1 PIN 326: GENOME execute__GB1 PIN 326
INST execute__GB1 PIN 327: GENOME execute__GB1 PIN 327 INST execute__GB0 PIN 112 TYPE 5
INST execute__GB1 PIN 321: GENOME execute__GB1 PIN 321
GENOME NON_GENOME PIN 318: GENOME NON_GENOME PIN 320 GENOME NON_GENOME PIN 323 GENOME NON_GENOME PIN 324
GENOME NON_GENOME PIN 320: GENOME NON_GENOME PIN 318
GENOME NON_GENOME PIN 323: GENOME NON_GENOME PIN 318
GENOME NON_GENOME PIN 321: GENOME NON_GENOME PIN 327
GENOME NON_GENOME PIN 327: GENOME NON_GENOME PIN 321
INST topModule__GC0 PIN 360: INST execute__GB0 PIN 73 TYPE 3 INST execute__GB1 PIN 311 TYPE 4
INST topModule__GC0 PIN 191: GENOME topModule__GC0 PIN 191
INST topModule__GC0 PIN 192: GENOME topModule__GC0 PIN 192
INST topModule__GC0 PIN 193: GENOME topModule__GC0 PIN 193
INST topModule__GC0 PIN 194: GENOME topModule__GC0 PIN 194
INST topModule__GC0 PIN 195: GENOME topModule__GC0 PIN 195
INST topModule__GC0 PIN 196: GENOME topModule__GC0 PIN 196
INST topModule__GC0 PIN 197: GENOME topModule__GC0 PIN 197
INST topModule__GC0 PIN 198: GENOME topModule__GC0 PIN 198
INST topModule__GC0 PIN 199: GENOME topModule__GC0 PIN 199
INST topModule__GC0 PIN 200: GENOME topModule__GC0 PIN 200
INST topModule__GC0 PIN 201: GENOME topModule__GC0 PIN 201
INST topModule__GC0 PIN 202: GENOME topModule__GC0 PIN 202
INST topModule__GC0 PIN 203: GENOME topModule__GC0 PIN 203
INST topModule__GC0 PIN 204: GENOME topModule__GC0 PIN 204
INST topModule__GC0 PIN 205: GENOME topModule__GC0 PIN 205
INST topModule__GC0 PIN 206: GENOME topModule__GC0 PIN 206
INST topModule__GC0 PIN 207: GENOME topModule__GC0 PIN 207
INST topModule__GC0 PIN 208: GENOME topModule__GC0 PIN 208
INST topModule__GC0 PIN 209: GENOME topModule__GC0 PIN 209
INST topModule__GC0 PIN 210: GENOME topModule__GC0 PIN 210
INST execute__GB0 PIN 73: GENOME execute__GB0 PIN 73
REEXTRACT_GENOME: GENOME topModule__GC0 GENOME execute__GB1 GENOME execute__GB0
topModule__GC0: GENOME execute__GB1 GENOME execute__GB0 GENOME topModule_GT0
execute__GB1: GENOME topModule__GC0 GENOME execute__GB0 GENOME topModule_GT0
execute__GB0: GENOME topModule__GC0 GENOME execute__GB1 GENOME topModule_GT0
DISSOLVE_GENOME: GENOME topModule__GC0 GENOME execute__GB1 GENOME execute__GB0
