GENOME NON_GENOME PIN 32: GENOME NON_GENOME PIN 110
GENOME NON_GENOME PIN 110: GENOME NON_GENOME PIN 32
GENOME NON_GENOME PIN 156: GENOME NON_GENOME PIN 117
GENOME NON_GENOME PIN 117: GENOME NON_GENOME PIN 156
GENOME NON_GENOME PIN 223: GENOME NON_GENOME PIN 224 GENOME NON_GENOME PIN 225 GENOME NON_GENOME PIN 226 GENOME NON_GENOME PIN 227 GENOME NON_GENOME PIN 228 GENOME NON_GENOME PIN 229
GENOME NON_GENOME PIN 224: GENOME NON_GENOME PIN 223
GENOME NON_GENOME PIN 225: GENOME NON_GENOME PIN 223
GENOME NON_GENOME PIN 226: GENOME NON_GENOME PIN 223
GENOME NON_GENOME PIN 227: GENOME NON_GENOME PIN 223
GENOME NON_GENOME PIN 228: GENOME NON_GENOME PIN 223
GENOME NON_GENOME PIN 229: GENOME NON_GENOME PIN 223
GENOME NON_GENOME PIN 281: GENOME NON_GENOME PIN 282 GENOME NON_GENOME PIN 283 GENOME NON_GENOME PIN 284 GENOME NON_GENOME PIN 285 GENOME NON_GENOME PIN 286 GENOME NON_GENOME PIN 287 GENOME NON_GENOME PIN 288 GENOME NON_GENOME PIN 289 GENOME NON_GENOME PIN 290 GENOME NON_GENOME PIN 291 GENOME NON_GENOME PIN 292 GENOME NON_GENOME PIN 293 GENOME NON_GENOME PIN 294
GENOME NON_GENOME PIN 282: GENOME NON_GENOME PIN 281
GENOME NON_GENOME PIN 283: GENOME NON_GENOME PIN 281
GENOME NON_GENOME PIN 284: GENOME NON_GENOME PIN 281
GENOME NON_GENOME PIN 285: GENOME NON_GENOME PIN 281
GENOME NON_GENOME PIN 286: GENOME NON_GENOME PIN 281
GENOME NON_GENOME PIN 287: GENOME NON_GENOME PIN 281
GENOME NON_GENOME PIN 288: GENOME NON_GENOME PIN 281
GENOME NON_GENOME PIN 289: GENOME NON_GENOME PIN 281
GENOME NON_GENOME PIN 290: GENOME NON_GENOME PIN 281
GENOME NON_GENOME PIN 291: GENOME NON_GENOME PIN 281
GENOME NON_GENOME PIN 292: GENOME NON_GENOME PIN 281
GENOME NON_GENOME PIN 293: GENOME NON_GENOME PIN 281
GENOME NON_GENOME PIN 294: GENOME NON_GENOME PIN 281
INST topModule__GC0 PIN 223: INST topModule__GC0 PIN 224 TYPE 2 INST execute__GB0 PIN 229 TYPE 4 INST topModule__GC0 PIN 225 TYPE 2 INST execute__GB0 PIN 230 TYPE 4 INST execute__GB1 PIN 251 TYPE 4 INST topModule__GC0 PIN 226 TYPE 2 INST execute__GB0 PIN 231 TYPE 4 INST execute__GB1 PIN 252 TYPE 4 INST topModule__GC0 PIN 227 TYPE 2 INST execute__GB0 PIN 232 TYPE 4 INST execute__GB1 PIN 253 TYPE 4 INST topModule__GC0 PIN 228 TYPE 2 INST execute__GB0 PIN 233 TYPE 4 INST execute__GB1 PIN 254 TYPE 4 INST topModule__GC0 PIN 229 TYPE 2 INST execute__GB0 PIN 234 TYPE 4 INST execute__GB1 PIN 255 TYPE 4
INST topModule__GC0 PIN 101: INST execute__GB1 PIN 117 TYPE 3 INST execute__GB0 PIN 369 TYPE 4
INST execute__GB1 PIN 32: INST execute__GB1 PIN 110 TYPE 2 INST execute__GB0 PIN 373 TYPE 4
INST topModule__GC0 PIN 281: INST topModule__GC0 PIN 282 TYPE 2 INST execute__GB0 PIN 376 TYPE 4 INST topModule__GC0 PIN 283 TYPE 2 INST execute__GB0 PIN 377 TYPE 4 INST topModule__GC0 PIN 284 TYPE 2 INST execute__GB0 PIN 378 TYPE 4 INST topModule__GC0 PIN 285 TYPE 2 INST execute__GB0 PIN 379 TYPE 4 INST topModule__GC0 PIN 286 TYPE 2 INST execute__GB0 PIN 380 TYPE 4 INST topModule__GC0 PIN 287 TYPE 2 INST execute__GB0 PIN 381 TYPE 4 INST topModule__GC0 PIN 288 TYPE 2 INST execute__GB0 PIN 382 TYPE 4 INST topModule__GC0 PIN 289 TYPE 2 INST execute__GB0 PIN 383 TYPE 4 INST topModule__GC0 PIN 290 TYPE 2 INST execute__GB0 PIN 384 TYPE 4 INST topModule__GC0 PIN 291 TYPE 2 INST execute__GB0 PIN 385 TYPE 4 INST topModule__GC0 PIN 292 TYPE 2 INST execute__GB0 PIN 386 TYPE 4 INST topModule__GC0 PIN 293 TYPE 2 INST execute__GB0 PIN 387 TYPE 4 INST topModule__GC0 PIN 294 TYPE 2 INST execute__GB0 PIN 388 TYPE 4
INST topModule__GC0 PIN 134: GENOME topModule__GC0 PIN 134
INST topModule__GC0 PIN 135: GENOME topModule__GC0 PIN 135
INST topModule__GC0 PIN 136: GENOME topModule__GC0 PIN 136
INST topModule__GC0 PIN 137: GENOME topModule__GC0 PIN 137
INST topModule__GC0 PIN 138: GENOME topModule__GC0 PIN 138
INST topModule__GC0 PIN 139: GENOME topModule__GC0 PIN 139
INST topModule__GC0 PIN 140: GENOME topModule__GC0 PIN 140
INST topModule__GC0 PIN 141: GENOME topModule__GC0 PIN 141
INST topModule__GC0 PIN 142: GENOME topModule__GC0 PIN 142
INST topModule__GC0 PIN 143: GENOME topModule__GC0 PIN 143
INST topModule__GC0 PIN 144: GENOME topModule__GC0 PIN 144
INST topModule__GC0 PIN 145: GENOME topModule__GC0 PIN 145
INST topModule__GC0 PIN 146: GENOME topModule__GC0 PIN 146
INST topModule__GC0 PIN 147: GENOME topModule__GC0 PIN 147
INST topModule__GC0 PIN 148: GENOME topModule__GC0 PIN 148
INST topModule__GC0 PIN 149: GENOME topModule__GC0 PIN 149
INST topModule__GC0 PIN 150: GENOME topModule__GC0 PIN 150
INST topModule__GC0 PIN 151: GENOME topModule__GC0 PIN 151
INST topModule__GC0 PIN 152: GENOME topModule__GC0 PIN 152
INST topModule__GC0 PIN 153: GENOME topModule__GC0 PIN 153
INST topModule__GC0 PIN 154: GENOME topModule__GC0 PIN 154
INST topModule__GC0 PIN 155: GENOME topModule__GC0 PIN 155
INST topModule__GC0 PIN 156: GENOME topModule__GC0 PIN 156
INST topModule__GC0 PIN 157: GENOME topModule__GC0 PIN 157
INST topModule__GC0 PIN 158: GENOME topModule__GC0 PIN 158
INST topModule__GC0 PIN 159: GENOME topModule__GC0 PIN 159
INST topModule__GC0 PIN 160: GENOME topModule__GC0 PIN 160
INST topModule__GC0 PIN 161: GENOME topModule__GC0 PIN 161
INST topModule__GC0 PIN 162: GENOME topModule__GC0 PIN 162
INST topModule__GC0 PIN 163: GENOME topModule__GC0 PIN 163
INST topModule__GC0 PIN 164: GENOME topModule__GC0 PIN 164
INST topModule__GC0 PIN 165: GENOME topModule__GC0 PIN 165
INST topModule__GC0 PIN 171: GENOME topModule__GC0 PIN 171
INST topModule__GC0 PIN 172: GENOME topModule__GC0 PIN 172
INST topModule__GC0 PIN 173: GENOME topModule__GC0 PIN 173
INST topModule__GC0 PIN 174: GENOME topModule__GC0 PIN 174
INST topModule__GC0 PIN 175: GENOME topModule__GC0 PIN 175
INST topModule__GC0 PIN 176: GENOME topModule__GC0 PIN 176
INST topModule__GC0 PIN 177: GENOME topModule__GC0 PIN 177
INST topModule__GC0 PIN 178: GENOME topModule__GC0 PIN 178
INST topModule__GC0 PIN 179: GENOME topModule__GC0 PIN 179
INST topModule__GC0 PIN 180: GENOME topModule__GC0 PIN 180
INST topModule__GC0 PIN 181: GENOME topModule__GC0 PIN 181
INST topModule__GC0 PIN 182: GENOME topModule__GC0 PIN 182
INST topModule__GC0 PIN 183: GENOME topModule__GC0 PIN 183
INST topModule__GC0 PIN 184: GENOME topModule__GC0 PIN 184
INST topModule__GC0 PIN 185: GENOME topModule__GC0 PIN 185
INST topModule__GC0 PIN 186: GENOME topModule__GC0 PIN 186
INST topModule__GC0 PIN 187: GENOME topModule__GC0 PIN 187
INST topModule__GC0 PIN 188: GENOME topModule__GC0 PIN 188
INST topModule__GC0 PIN 189: GENOME topModule__GC0 PIN 189
INST topModule__GC0 PIN 190: GENOME topModule__GC0 PIN 190
INST topModule__GC0 PIN 224: GENOME topModule__GC0 PIN 224
INST topModule__GC0 PIN 225: GENOME topModule__GC0 PIN 225
INST topModule__GC0 PIN 226: GENOME topModule__GC0 PIN 226
INST topModule__GC0 PIN 227: GENOME topModule__GC0 PIN 227
INST topModule__GC0 PIN 228: GENOME topModule__GC0 PIN 228
INST topModule__GC0 PIN 229: GENOME topModule__GC0 PIN 229
INST topModule__GC0 PIN 282: GENOME topModule__GC0 PIN 282
INST topModule__GC0 PIN 283: GENOME topModule__GC0 PIN 283
INST topModule__GC0 PIN 284: GENOME topModule__GC0 PIN 284
INST topModule__GC0 PIN 285: GENOME topModule__GC0 PIN 285
INST topModule__GC0 PIN 286: GENOME topModule__GC0 PIN 286
INST topModule__GC0 PIN 287: GENOME topModule__GC0 PIN 287
INST topModule__GC0 PIN 288: GENOME topModule__GC0 PIN 288
INST topModule__GC0 PIN 289: GENOME topModule__GC0 PIN 289
INST topModule__GC0 PIN 290: GENOME topModule__GC0 PIN 290
INST topModule__GC0 PIN 291: GENOME topModule__GC0 PIN 291
INST topModule__GC0 PIN 292: GENOME topModule__GC0 PIN 292
INST topModule__GC0 PIN 293: GENOME topModule__GC0 PIN 293
INST topModule__GC0 PIN 294: GENOME topModule__GC0 PIN 294
INST topModule__GC0 PIN 313: GENOME topModule__GC0 PIN 313
INST topModule__GC0 PIN 314: GENOME topModule__GC0 PIN 314
INST topModule__GC0 PIN 315: GENOME topModule__GC0 PIN 315
INST topModule__GC0 PIN 318: GENOME topModule__GC0 PIN 318
INST topModule__GC0 PIN 319: GENOME topModule__GC0 PIN 319
INST topModule__GC0 PIN 320: GENOME topModule__GC0 PIN 320
INST topModule__GC0 PIN 321: GENOME topModule__GC0 PIN 321
INST topModule__GC0 PIN 322: GENOME topModule__GC0 PIN 322
INST topModule__GC0 PIN 323: GENOME topModule__GC0 PIN 323
INST topModule__GC0 PIN 324: GENOME topModule__GC0 PIN 324
INST topModule__GC0 PIN 325: GENOME topModule__GC0 PIN 325
INST topModule__GC0 PIN 326: GENOME topModule__GC0 PIN 326
INST topModule__GC0 PIN 327: GENOME topModule__GC0 PIN 327
INST topModule__GC0 PIN 328: GENOME topModule__GC0 PIN 328
INST topModule__GC0 PIN 329: GENOME topModule__GC0 PIN 329
INST topModule__GC0 PIN 362: GENOME topModule__GC0 PIN 362
INST topModule__GC0 PIN 363: GENOME topModule__GC0 PIN 363
INST topModule__GC0 PIN 364: GENOME topModule__GC0 PIN 364
INST topModule__GC0 PIN 365: GENOME topModule__GC0 PIN 365
INST topModule__GC0 PIN 366: GENOME topModule__GC0 PIN 366
INST topModule__GC0 PIN 367: GENOME topModule__GC0 PIN 367
INST topModule__GC0 PIN 368: GENOME topModule__GC0 PIN 368
INST topModule__GC0 PIN 369: GENOME topModule__GC0 PIN 369
INST topModule__GC0 PIN 370: GENOME topModule__GC0 PIN 370
INST topModule__GC0 PIN 371: GENOME topModule__GC0 PIN 371
INST topModule__GC0 PIN 372: GENOME topModule__GC0 PIN 372
INST topModule__GC0 PIN 373: GENOME topModule__GC0 PIN 373
INST topModule__GC0 PIN 374: GENOME topModule__GC0 PIN 374
INST topModule__GC0 PIN 375: GENOME topModule__GC0 PIN 375
INST topModule__GC0 PIN 376: GENOME topModule__GC0 PIN 376
INST topModule__GC0 PIN 377: GENOME topModule__GC0 PIN 377
INST topModule__GC0 PIN 378: GENOME topModule__GC0 PIN 378
INST topModule__GC0 PIN 379: GENOME topModule__GC0 PIN 379
INST topModule__GC0 PIN 380: GENOME topModule__GC0 PIN 380
INST topModule__GC0 PIN 381: GENOME topModule__GC0 PIN 381
INST topModule__GC0 PIN 382: GENOME topModule__GC0 PIN 382
INST topModule__GC0 PIN 383: GENOME topModule__GC0 PIN 383
INST topModule__GC0 PIN 503: INST execute__GB0 PIN 0 TYPE 5
INST topModule__GC0 PIN 504: INST execute__GB0 PIN 1 TYPE 5
INST topModule__GC0 PIN 505: INST execute__GB0 PIN 2 TYPE 5
INST topModule__GC0 PIN 506: INST execute__GB0 PIN 3 TYPE 5
INST topModule__GC0 PIN 507: INST execute__GB0 PIN 4 TYPE 5
INST topModule__GC0 PIN 508: INST execute__GB0 PIN 5 TYPE 5
INST topModule__GC0 PIN 509: INST execute__GB0 PIN 6 TYPE 5
INST topModule__GC0 PIN 510: INST execute__GB0 PIN 7 TYPE 5
INST topModule__GC0 PIN 511: INST execute__GB0 PIN 8 TYPE 5
INST topModule__GC0 PIN 512: INST execute__GB0 PIN 9 TYPE 5
INST topModule__GC0 PIN 513: INST execute__GB0 PIN 10 TYPE 5
INST topModule__GC0 PIN 514: INST execute__GB0 PIN 11 TYPE 5
INST topModule__GC0 PIN 515: INST execute__GB0 PIN 12 TYPE 5
INST topModule__GC0 PIN 516: INST execute__GB0 PIN 13 TYPE 5
INST topModule__GC0 PIN 517: INST execute__GB0 PIN 14 TYPE 5
INST topModule__GC0 PIN 518: INST execute__GB0 PIN 15 TYPE 5
INST topModule__GC0 PIN 519: INST execute__GB0 PIN 16 TYPE 5
INST topModule__GC0 PIN 520: INST execute__GB0 PIN 17 TYPE 5
INST topModule__GC0 PIN 521: INST execute__GB0 PIN 18 TYPE 5
INST topModule__GC0 PIN 522: INST execute__GB0 PIN 19 TYPE 5
INST topModule__GC0 PIN 523: INST execute__GB0 PIN 20 TYPE 5
INST topModule__GC0 PIN 524: INST execute__GB0 PIN 21 TYPE 5
INST execute__GB1 PIN 110: GENOME execute__GB1 PIN 110
INST execute__GB1 PIN 117: GENOME execute__GB1 PIN 117
INST execute__GB1 PIN 252: GENOME execute__GB1 PIN 252 INST topModule__GC0 PIN 223 TYPE 5
INST execute__GB1 PIN 251: GENOME execute__GB1 PIN 251
INST execute__GB1 PIN 253: GENOME execute__GB1 PIN 253 INST topModule__GC0 PIN 223 TYPE 5
INST execute__GB1 PIN 254: GENOME execute__GB1 PIN 254 INST topModule__GC0 PIN 223 TYPE 5
INST execute__GB1 PIN 255: GENOME execute__GB1 PIN 255 INST topModule__GC0 PIN 223 TYPE 5
GENOME NON_GENOME PIN 251: GENOME NON_GENOME PIN 252 GENOME NON_GENOME PIN 253 GENOME NON_GENOME PIN 254 GENOME NON_GENOME PIN 255
GENOME NON_GENOME PIN 252: GENOME NON_GENOME PIN 251
GENOME NON_GENOME PIN 253: GENOME NON_GENOME PIN 251
GENOME NON_GENOME PIN 254: GENOME NON_GENOME PIN 251
GENOME NON_GENOME PIN 255: GENOME NON_GENOME PIN 251
